### 性能监控 

#### 推16路RTSP流

###### 内存占用率、CPU使用率

2024/6/14 18:00
```agsl
Load: 16.92 / 10.42 / 7.92
CPU usage from 352994ms to 52852ms ago (2024-06-14 17:51:18.637 to 2024-06-14 17:56:18.779):
  36% 557/system_server: 19% user + 16% kernel / faults: 27967 minor 1 major
  24% 277/android.hardware.sensors@1.0-service: 8.9% user + 15% kernel
  20% 178/surfaceflinger: 12% user + 7.4% kernel / faults: 1013 minor 1 major
  12% 78/irq/106-mir3da: 0% user + 12% kernel
  7.5% 227/android.hardware.graphics.composer@2.1-service: 4% user + 3.5% kernel / faults: 347 minor
  6.9% 333/adbd: 2.5% user + 4.3% kernel / faults: 1010 minor
  4.4% 144/logd: 1.4% user + 3% kernel / faults: 116 minor
  2.2% 9/ksoftirqd/0: 0% user + 2.2% kernel
73% TOTAL: 45% user + 22% kernel + 0% iowait + 4% irq + 2.1% softirq
```

```agsl
Applications Memory Usage (in Kilobytes):
Uptime: 4032777 Realtime: 4032777


Total PSS by process:
207,375K: com.ancda.rtsppusher (pid 18684 / activities)
145,799K: system (pid 557)
75,029K: com.android.systemui (pid 713)
60,076K: com.google.android.gms.persistent (pid 1290)
59,068K: com.android.vending (pid 2234)
56,364K: com.google.android.gms (pid 1521)
56,031K: zygote (pid 244)
51,624K: com.android.launcher3 (pid 1135 / activities)
34,773K: surfaceflinger (pid 178)
30,852K: zygote64 (pid 243)
26,472K: com.android.providers.media.module (pid 1348)
24,397K: com.android.bluetooth (pid 689)
24,341K: webview_zygote (pid 905)
24,243K: com.google.android.gms.unstable (pid 2622)
16,777K: com.android.inputmethod.latin (pid 1230)

Total RAM: 2,004,624K (status normal)
Free RAM:   501,058K (  201,982K cached pss +   218,120K cached kernel +    80,956K free)
ION:   211,576K (  174,468K mapped +         0K unmapped +    37,108K pools)
Used RAM: 1,364,382K (1,019,238K used pss +   345,144K kernel)
Lost RAM:   171,138K
ZRAM:     8,984K physical used for    43,264K in swap (1,002,308K total swap)
Tuning: 192 (large 512), oom   322,560K, restore limit   107,520K (high-end-gfx)
```

2024/6/14 19:00
```agsl
Load: 3.79 / 3.64 / 5.3
CPU usage from 320595ms to 20502ms ago (2024-06-14 18:56:20.328 to 2024-06-14 19:01:20.421):
  76% 18684/com.ancda.rtsppusher: 49% user + 26% kernel / faults: 1098143 minor
  35% 557/system_server: 18% user + 16% kernel / faults: 8788 minor
  21% 277/android.hardware.sensors@1.0-service: 8.2% user + 13% kernel
  9.9% 78/irq/106-mir3da: 0% user + 9.9% kernel
  5.3% 333/adbd: 1.9% user + 3.4% kernel / faults: 610 minor
  3.5% 144/logd: 1.2% user + 2.3% kernel / faults: 135 minor
  2.9% 9/ksoftirqd/0: 0% user + 2.9% kernel
  2.3% 151/rknn_server: 0.6% user + 1.6% kernel
  1.1% 475/logcat: 0.3% user + 0.7% kernel
  1% 470/logcat: 0.3% user + 0.7% kernel
  0.8% 405/irq/78-dwc3: 0% user + 0.8% kernel
  0.7% 178/surfaceflinger: 0.4% user + 0.3% kernel / faults: 1046 minor
  0.6% 1290/com.google.android.gms.persistent: 0.4% user + 0.2% kernel / faults: 4725 minor
  0.5% 8996/kworker/u8:4-adb: 0% user + 0.5% kernel / faults: 18 minor
47% TOTAL: 19% user + 18% kernel + 0.2% iowait + 2.9% irq + 5.5% softirq
```

```agsl
Applications Memory Usage (in Kilobytes):
Uptime: 7899174 Realtime: 7899174


Total PSS by process:
    239,197K: com.ancda.rtsppusher (pid 18684 / activities)
    139,392K: system (pid 557)
     66,501K: com.android.systemui (pid 713)
     59,634K: com.android.vending (pid 2234)
     57,434K: com.google.android.gms.persistent (pid 1290)
     55,720K: zygote (pid 244)
     55,129K: com.google.android.gms (pid 1521)
     51,196K: com.android.launcher3 (pid 1135 / activities)
     34,359K: surfaceflinger (pid 178)
     29,997K: zygote64 (pid 243)
     26,134K: com.android.providers.media.module (pid 1348)
     23,996K: com.google.android.gms.unstable (pid 2622)
     23,399K: webview_zygote (pid 905)
     18,212K: com.android.bluetooth (pid 689)
 
Total RAM: 2,004,624K (status normal)
 Free RAM:   598,705K (  207,725K cached pss +   217,652K cached kernel +   173,328K free)
      ION:   197,752K (  150,168K mapped +         0K unmapped +    47,584K pools)
 Used RAM: 1,344,390K (1,014,814K used pss +   329,576K kernel)
 Lost RAM:   102,975K
     ZRAM:    12,012K physical used for    56,320K in swap (1,002,308K total swap)
   Tuning: 192 (large 512), oom   322,560K, restore limit   107,520K (high-end-gfx)
```

2024/6/14 19:35
```agsl
Load: 5.48 / 5.02 / 4.61
CPU usage from 528082ms to 228036ms ago (2024-06-14 19:26:20.573 to 2024-06-14 19:31:20.619):
  112% 18684/com.ancda.rtsppusher: 82% user + 29% kernel / faults: 1159661 minor
  35% 557/system_server: 19% user + 16% kernel / faults: 8355 minor
  22% 277/android.hardware.sensors@1.0-service: 8.7% user + 14% kernel
  10% 78/irq/106-mir3da: 0% user + 10% kernel
  7.3% 333/adbd: 2.6% user + 4.6% kernel / faults: 590 minor
  4.9% 144/logd: 1.5% user + 3.3% kernel / faults: 138 minor
  3.4% 9/ksoftirqd/0: 0% user + 3.4% kernel
  2.3% 151/rknn_server: 0.6% user + 1.7% kernel
  1.6% 475/logcat: 0.6% user + 1% kernel
  1.5% 470/logcat: 0.5% user + 1% kernel
  1.1% 405/irq/78-dwc3: 0% user + 1.1% kernel
  0.7% 178/surfaceflinger: 0.4% user + 0.3% kernel / faults: 876 minor
59% TOTAL: 29% user + 20% kernel + 0.2% iowait + 3.1% irq + 5.6% softirq
```

```agsl
Applications Memory Usage (in Kilobytes):
Uptime: 9906566 Realtime: 9906566


Total PSS by process:
    313,579K: com.ancda.rtsppusher (pid 18684 / activities)
    142,407K: system (pid 557)
     68,128K: com.android.systemui (pid 713)
     61,523K: com.google.android.gms.persistent (pid 1290)
     60,515K: com.android.vending (pid 2234)
     55,730K: com.google.android.gms (pid 1521)
     55,719K: zygote (pid 244)
     51,195K: com.android.launcher3 (pid 1135 / activities)
     34,342K: surfaceflinger (pid 178)
     29,996K: zygote64 (pid 243)
     26,134K: com.android.providers.media.module (pid 1348)
     23,707K: com.google.android.gms.unstable (pid 2622)

Total RAM: 2,004,624K (status normal)
 Free RAM:   442,922K (  138,330K cached pss +   218,000K cached kernel +    86,592K free)
      ION:   197,752K (  150,168K mapped +         0K unmapped +    47,584K pools)
 Used RAM: 1,500,378K (1,168,414K used pss +   331,964K kernel)
 Lost RAM:   102,766K
     ZRAM:    12,012K physical used for    56,320K in swap (1,002,308K total swap)
   Tuning: 192 (large 512), oom   322,560K, restore limit   107,520K (high-end-gfx)
```

2024/6/14 20:09
```agsl
CPU usage from 496984ms to 196931ms ago (2024-06-14 20:01:20.849 to 2024-06-14 20:06:20.901):
  111% 18684/com.ancda.rtsppusher: 81% user + 29% kernel / faults: 1170865 minor
  35% 557/system_server: 19% user + 16% kernel / faults: 8313 minor
  22% 277/android.hardware.sensors@1.0-service: 8.7% user + 14% kernel
  10% 78/irq/106-mir3da: 0% user + 10% kernel
  7.1% 333/adbd: 2.5% user + 4.5% kernel / faults: 591 minor
  4.8% 144/logd: 1.6% user + 3.1% kernel / faults: 138 minor 2 major
  3.4% 9/ksoftirqd/0: 0% user + 3.4% kernel
  2.3% 151/rknn_server: 0.6% user + 1.7% kernel
  1.6% 475/logcat: 0.5% user + 1% kernel
  1.5% 470/logcat: 0.5% user + 1% kernel
  1.1% 405/irq/78-dwc3: 0% user + 1.1% kernel
59% TOTAL: 29% user + 20% kernel + 0.2% iowait + 3.1% irq + 5.6% softirq
```

```agsl
Total PSS by process:
    333,144K: com.ancda.rtsppusher (pid 18684 / activities)
    139,085K: system (pid 557)
     69,313K: com.android.systemui (pid 713)
     62,001K: com.google.android.gms.persistent (pid 1290)
     59,919K: com.android.vending (pid 2234)
     56,148K: com.google.android.gms (pid 1521)
     55,717K: zygote (pid 244)
     51,194K: com.android.launcher3 (pid 1135 / activities)
     34,339K: surfaceflinger (pid 178)
     29,992K: zygote64 (pid 243)
     26,133K: com.android.providers.media.module (pid 1348)
     23,730K: com.google.android.gms.unstable (pid 2622)
     23,398K: webview_zygote (pid 905)
     18,212K: com.android.bluetooth (pid 689)
     16,479K: com.android.inputmethod.latin (pid 1230)
     15,601K: com.adw.bootapp (pid 1543)
     15,182K: android.process.acore (pid 2798)
     14,631K: com.android.permissioncontroller (pid 1866)

Total RAM: 2,004,624K (status normal)
 Free RAM:   495,393K (  208,617K cached pss +   219,072K cached kernel +    67,704K free)
      ION:   197,752K (  150,168K mapped +         0K unmapped +    47,584K pools)
 Used RAM: 1,449,798K (1,116,150K used pss +   333,648K kernel)
 Lost RAM:   100,849K
     ZRAM:    12,012K physical used for    56,320K in swap (1,002,308K total swap)
   Tuning: 192 (large 512), oom   322,560K, restore limit   107,520K (high-end-gfx)
```

2024/6/14 22:00
```agsl
CPU usage from 448285ms to 146319ms ago (2024-06-14 21:51:19.722 to 2024-06-14 21:56:21.688):
  127% 18684/com.ancda.rtsppusher: 97% user + 30% kernel / faults: 1193440 minor
  35% 557/system_server: 19% user + 16% kernel / faults: 9176 minor
  23% 277/android.hardware.sensors@1.0-service: 8.9% user + 14% kernel
  10% 78/irq/106-mir3da: 0% user + 10% kernel
  8% 333/adbd: 2.8% user + 5.1% kernel / faults: 1080 minor
  5.5% 144/logd: 1.7% user + 3.7% kernel / faults: 169 minor
  3.7% 9/ksoftirqd/0: 0% user + 3.7% kernel
  2.3% 151/rknn_server: 0.6% user + 1.7% kernel
  1.9% 475/logcat: 0.6% user + 1.2% kernel
  1.8% 470/logcat: 0.6% user + 1.2% kernel
64% TOTAL: 33% user + 21% kernel + 0.2% iowait + 3.2% irq + 5.7% softirq
```

```agsl
Total PSS by process:
    361,353K: com.ancda.rtsppusher (pid 18684 / activities)
    138,559K: system (pid 557)
     65,520K: com.android.systemui (pid 713)
     60,288K: com.android.vending (pid 2234)
     59,301K: com.google.android.gms.persistent (pid 1290)
     56,305K: com.google.android.gms (pid 1521)
     55,698K: zygote (pid 244)
     48,215K: com.android.launcher3 (pid 1135 / activities)
     34,325K: surfaceflinger (pid 178)
     29,949K: zygote64 (pid 243)
     26,126K: com.android.providers.media.module (pid 1348)
     23,916K: com.google.android.gms.unstable (pid 2622)
     23,399K: webview_zygote (pid 905)
     18,205K: com.android.bluetooth (pid 689)
     16,513K: com.android.inputmethod.latin (pid 1230)
     15,587K: com.adw.bootapp (pid 1543)
     15,182K: android.process.acore (pid 2798)

Total RAM: 2,004,624K (status normal)
 Free RAM:   476,131K (  209,715K cached pss +   212,196K cached kernel +    54,220K free)
      ION:   186,488K (  150,168K mapped +         0K unmapped +    36,320K pools)
 Used RAM: 1,472,877K (1,133,933K used pss +   338,944K kernel)
 Lost RAM:    98,727K
     ZRAM:    12,912K physical used for    59,136K in swap (1,002,308K total swap)
   Tuning: 192 (large 512), oom   322,560K, restore limit   107,520K (high-end-gfx)
```

```agsl
 18684 u0_a132      10 -10 2.6G 459M 158M S  146  23.4 257:00.94 com.ancda.rtsppusher
 15706 shell        20   0  10G 3.2M 2.6M S  0.0   0.1   0:00.01 grep com.ancda.rtsppusher
```

2024/6/14 22:50
```agsl
CPU usage from 433781ms to 133750ms ago (2024-06-14 22:41:22.110 to 2024-06-14 22:46:22.141):
  133% 18684/com.ancda.rtsppusher: 102% user + 30% kernel / faults: 1207109 minor
  35% 557/system_server: 19% user + 16% kernel / faults: 9452 minor
  23% 277/android.hardware.sensors@1.0-service: 8.8% user + 14% kernel
  10% 78/irq/106-mir3da: 0% user + 10% kernel
  8.5% 333/adbd: 3% user + 5.4% kernel / faults: 584 minor
  5.7% 144/logd: 1.8% user + 3.9% kernel / faults: 181 minor
  3.9% 9/ksoftirqd/0: 0% user + 3.9% kernel
  2.3% 151/rknn_server: 0.5% user + 1.8% kernel
  2% 475/logcat: 0.6% user + 1.3% kernel
  1.9% 470/logcat: 0.6% user + 1.2% kernel
  1.3% 405/irq/78-dwc3: 0% user + 1.3% kernel
66% TOTAL: 34% user + 22% kernel + 0.1% iowait + 3.2% irq + 5.8% softirq
```

```agsl
Total PSS by process:
    371,808K: com.ancda.rtsppusher (pid 18684 / activities)
    133,023K: system (pid 557)
     67,182K: com.android.systemui (pid 713)
     59,233K: com.android.vending (pid 2234)
     58,502K: com.google.android.gms.persistent (pid 1290)
     55,813K: com.google.android.gms (pid 1521)
     55,658K: zygote (pid 244)
     48,083K: com.android.launcher3 (pid 1135 / activities)
     34,265K: surfaceflinger (pid 178)
     29,790K: zygote64 (pid 243)
     25,968K: com.android.providers.media.module (pid 1348)
     23,152K: com.google.android.gms.unstable (pid 2622)
     23,088K: webview_zygote (pid 905)
     17,927K: com.android.bluetooth (pid 689)
     15,481K: com.adw.bootapp (pid 1543)
     15,005K: android.process.acore (pid 2798)
     14,541K: com.android.permissioncontroller (pid 1866)

Total RAM: 2,004,624K (status normal)
 Free RAM:   480,527K (  207,011K cached pss +   184,260K cached kernel +    89,256K free)
      ION:   170,104K (  150,168K mapped +         0K unmapped +    19,936K pools)
 Used RAM: 1,474,956K (1,133,556K used pss +   341,400K kernel)
 Lost RAM:    94,341K
     ZRAM:    14,352K physical used for    62,464K in swap (1,002,308K total swap)
   Tuning: 192 (large 512), oom   322,560K, restore limit   107,520K (high-end-gfx)
```

```agsl
 18684 u0_a132      10 -10 2.6G 467M 158M S  131  23.8 309:07.40 com.ancda.rtsppusher
  2379 shell        20   0  10G 3.0M 2.4M S  0.0   0.1   0:00.03 grep com.ancda.rtsppusher
```

2024/6/15 10:30
```agsl
CPU usage from 486147ms to 185189ms ago (2024-06-15 10:21:25.919 to 2024-06-15 10:26:26.877):
  47% 18684/com.ancda.rtsppusher: 23% user + 23% kernel / faults: 1029956 minor
  34% 557/system_server: 18% user + 16% kernel / faults: 9216 minor
  21% 277/android.hardware.sensors@1.0-service: 7.7% user + 13% kernel
  9.6% 78/irq/106-mir3da: 0% user + 9.6% kernel
  2.2% 151/rknn_server: 0.5% user + 1.6% kernel
  2.1% 9/ksoftirqd/0: 0% user + 2.1% kernel
  2% 333/adbd: 0.7% user + 1.3% kernel / faults: 37 minor
  1.1% 144/logd: 0.4% user + 0.6% kernel / faults: 18 minor
  0.5% 3801/logcat: 0.2% user + 0.3% kernel
  0.4% 49/cfinteractive: 0% user + 0.4% kernel
35% TOTAL: 12% user + 15% kernel + 0.2% iowait + 2.7% irq + 5.2% softirq
```

```agsl
Total PSS by process:
    522,825K: com.ancda.rtsppusher (pid 18684 / activities)
    126,038K: system (pid 557)
     60,812K: com.android.systemui (pid 713)
     45,185K: com.google.android.gms.persistent (pid 1290)
     45,067K: com.google.android.gms (pid 1521)
     43,909K: com.android.vending (pid 2234)
     41,851K: com.android.launcher3 (pid 1135 / activities)
     29,614K: zygote (pid 244)
     29,201K: surfaceflinger (pid 178)
     27,146K: com.android.vending:instant_app_installer (pid 14925)
     22,708K: com.android.providers.media.module (pid 1348)
     18,790K: com.google.android.gms.unstable (pid 2622)
     17,766K: webview_zygote (pid 905)
     14,599K: com.adw.bootapp (pid 1543)

Total RAM: 2,004,624K (status normal)
 Free RAM:   589,943K (  183,387K cached pss +   288,480K cached kernel +   118,076K free)
      ION:   320,640K (  193,368K mapped +         0K unmapped +   127,272K pools)
 Used RAM: 1,483,751K (1,113,515K used pss +   370,236K kernel)
 Lost RAM:    80,517K
     ZRAM:    57,528K physical used for   211,968K in swap (1,002,308K total swap)
   Tuning: 192 (large 512), oom   322,560K, restore limit   107,520K (high-end-gfx)
```

```agsl
 18684 u0_a132      10 -10 2.4G 603M 126M S 30.3  30.8 224:57.16 com.ancda.rtsppusher
  7689 shell        20   0  10G 3.0M 2.4M S  0.0   0.1   0:00.02 grep com.ancda.rtsppusher
```

2024/6/15 14:40 重新开始推流
```agsl
CPU usage from 12917ms to 6004ms ago (2024-06-15 14:44:37.154 to 2024-06-15 14:44:44.067):
  225% 13498/com.ancda.rtsppusher: 182% user + 42% kernel / faults: 24416 minor
  32% 566/system_server: 18% user + 13% kernel / faults: 882 minor 1 major
  20% 180/surfaceflinger: 11% user + 8.7% kernel
  18% 296/android.hardware.sensors@1.0-service: 6.8% user + 11% kernel
  12% 78/irq/106-mir3da: 0% user + 12% kernel
  10% 9/ksoftirqd/0: 0% user + 10% kernel
  8.2% 228/android.hardware.graphics.composer@2.1-service: 4.4% user + 3.8% kernel / faults: 5 minor
  7.8% 337/adbd: 2.2% user + 5.5% kernel / faults: 5 minor
  4.4% 146/logd: 1.5% user + 2.8% kernel
  2% 153/rknn_server: 0.7% user + 1.2% kernel
96% TOTAL: 58% user + 28% kernel + 0% iowait + 4.4% irq + 5.3% softirq
```

```agsl
 13498 u0_a132      10 -10 2.5G 344M 134M S  112  17.5  14:41.66 com.ancda.rtsppusher
 17084 shell        20   0  10G 3.3M 2.7M S  0.0   0.1   0:00.02 grep com.ancda.rtsppusher
```

2024/6/15 16:20
```agsl
CPU usage from 515030ms to 211869ms ago (2024-06-15 16:14:45.110 to 2024-06-15 16:19:48.271):
  193% 13498/com.ancda.rtsppusher: 148% user + 44% kernel / faults: 1365025 minor
  28% 566/system_server: 15% user + 13% kernel / faults: 11546 minor
  23% 180/surfaceflinger: 14% user + 9.7% kernel / faults: 23 minor
  19% 296/android.hardware.sensors@1.0-service: 7.6% user + 12% kernel
  11% 78/irq/106-mir3da: 0% user + 11% kernel
  9.2% 228/android.hardware.graphics.composer@2.1-service: 3.3% user + 5.9% kernel / faults: 247 minor
  9.1% 9/ksoftirqd/0: 0% user + 9.1% kernel
  9% 337/adbd: 3.1% user + 5.8% kernel / faults: 825 minor
  6.1% 146/logd: 2% user + 4.1% kernel / faults: 167 minor
  2.3% 471/logcat: 0.8% user + 1.5% kernel
  2.3% 459/logcat: 0.8% user + 1.4% kernel
  2.1% 153/rknn_server: 0.5% user + 1.5% kernel
90% TOTAL: 50% user + 30% kernel + 0.1% iowait + 4.2% irq + 5.7% softirq
```

```agsl
Total PSS by process:
    254,524K: com.ancda.rtsppusher (pid 13498 / activities)
    123,876K: system (pid 566)
     64,351K: com.android.systemui (pid 720)
     56,815K: com.android.settings (pid 982 / activities)
     51,779K: com.google.android.gms.persistent (pid 1298)
     46,625K: com.android.vending (pid 2215)
     43,611K: com.android.launcher3 (pid 1117 / activities)
     43,201K: com.google.android.gms (pid 1521)
     32,578K: zygote (pid 246)
     30,077K: surfaceflinger (pid 180)
     24,378K: com.android.providers.media.module (pid 1365)
     17,460K: webview_zygote (pid 871)
     15,601K: com.google.android.gms.unstable (pid 2675)

Total RAM: 2,004,624K (status normal)
 Free RAM:   720,686K (  166,350K cached pss +   423,680K cached kernel +   130,656K free)
      ION:   336,208K (  143,576K mapped +         0K unmapped +   192,632K pools)
 Used RAM: 1,290,961K (  938,081K used pss +   352,880K kernel)
 Lost RAM:    77,597K
     ZRAM:    35,176K physical used for   124,928K in swap (1,002,308K total swap)
   Tuning: 192 (large 512), oom   322,560K, restore limit   107,520K (high-end-gfx)
```

```agsl
 13498 u0_a132      10 -10 2.6G 382M 140M S  188  19.5 205:54.34 com.ancda.rtsppusher
 25165 shell        20   0  10G 3.0M 2.4M S  0.0   0.1   0:00.02 grep com.ancda.rtsppusher
```

2024/6/15 17:10
```agsl
CPU usage from 558025ms to 257933ms ago (2024-06-15 17:04:49.104 to 2024-06-15 17:09:49.196):
  124% 13498/com.ancda.rtsppusher: 86% user + 38% kernel / faults: 1099006 minor
  33% 566/system_server: 18% user + 14% kernel / faults: 10065 minor
  30% 180/surfaceflinger: 17% user + 12% kernel / faults: 2 minor
  21% 296/android.hardware.sensors@1.0-service: 8.5% user + 12% kernel
  11% 228/android.hardware.graphics.composer@2.1-service: 4.9% user + 6.7% kernel / faults: 257 minor 1 major
  9.8% 78/irq/106-mir3da: 0% user + 9.8% kernel
  6.8% 337/adbd: 2.3% user + 4.5% kernel / faults: 863 minor
  5.4% 9/ksoftirqd/0: 0% user + 5.4% kernel
  4.8% 146/logd: 1.6% user + 3.2% kernel / faults: 86 minor
  2.2% 153/rknn_server: 0.6% user + 1.6% kernel
  1.8% 471/logcat: 0.6% user + 1.1% kernel
74% TOTAL: 35% user + 28% kernel + 0.1% iowait + 4% irq + 5.9% softirq
```

```agsl
Total PSS by process:
    285,024K: com.ancda.rtsppusher (pid 13498 / activities)
    123,163K: system (pid 566)
     65,848K: com.android.systemui (pid 720)
     56,150K: com.android.settings (pid 982 / activities)
     53,235K: com.google.android.gms.persistent (pid 1298)
     46,218K: com.android.vending (pid 2215)
     43,574K: com.google.android.gms (pid 1521)
     43,155K: com.android.launcher3 (pid 1117 / activities)
     32,578K: zygote (pid 246)
     29,681K: surfaceflinger (pid 180)
     24,109K: com.android.providers.media.module (pid 1365)
     17,461K: webview_zygote (pid 871)
     17,422K: com.google.android.gms.unstable (pid 2675)
     14,563K: com.adw.bootapp (pid 1545)
     14,353K: com.android.permissioncontroller (pid 1893)
     13,193K: com.android.bluetooth (pid 696)
     12,965K: com.android.networkstack.process (pid 890)
     11,607K: com.android.inputmethod.latin (pid 1238)
     11,598K: com.android.phone (pid 2133)

Total RAM: 2,004,624K (status normal)
 Free RAM:   690,719K (  167,511K cached pss +   423,648K cached kernel +    99,560K free)
      ION:   324,432K (  143,576K mapped +         0K unmapped +   180,856K pools)
 Used RAM: 1,334,124K (  968,928K used pss +   365,196K kernel)
 Lost RAM:    65,989K
     ZRAM:    36,244K physical used for   127,232K in swap (1,002,308K total swap)
   Tuning: 192 (large 512), oom   322,560K, restore limit   107,520K (high-end-gfx)
```

2024/6/15 18:00
```agsl
CPU usage from 411441ms to 111394ms ago (2024-06-15 17:49:49.770 to 2024-06-15 17:54:49.817):
  123% 13498/com.ancda.rtsppusher: 85% user + 37% kernel / faults: 1104363 minor
  33% 566/system_server: 18% user + 14% kernel / faults: 10288 minor
  30% 180/surfaceflinger: 17% user + 12% kernel / faults: 1 minor
  21% 296/android.hardware.sensors@1.0-service: 8.5% user + 12% kernel
  11% 228/android.hardware.graphics.composer@2.1-service: 6.5% user + 5.2% kernel / faults: 247 minor
  9.9% 78/irq/106-mir3da: 0% user + 9.9% kernel
  6.6% 337/adbd: 2.3% user + 4.2% kernel / faults: 882 minor
  5.8% 9/ksoftirqd/0: 0% user + 5.8% kernel
  4.6% 146/logd: 1.5% user + 3% kernel / faults: 70 minor
  2.2% 153/rknn_server: 0.5% user + 1.6% kernel
  1.6% 471/logcat: 0.5% user + 1% kernel
74% TOTAL: 35% user + 28% kernel + 0.2% iowait + 4% irq + 6% softirq
```

```agsl
Total PSS by process:
    285,380K: com.ancda.rtsppusher (pid 13498 / activities)
    127,067K: system (pid 566)
     61,287K: com.android.systemui (pid 720)
     56,150K: com.android.settings (pid 982 / activities)
     54,001K: com.google.android.gms.persistent (pid 1298)
     45,134K: com.android.vending (pid 2215)
     43,292K: com.google.android.gms (pid 1521)
     43,155K: com.android.launcher3 (pid 1117 / activities)
     32,578K: zygote (pid 246)
     29,677K: surfaceflinger (pid 180)
     24,109K: com.android.providers.media.module (pid 1365)
     17,470K: com.google.android.gms.unstable (pid 2675)
     17,461K: webview_zygote (pid 871)
     14,563K: com.adw.bootapp (pid 1545)
     14,353K: com.android.permissioncontroller (pid 1893)

Total RAM: 2,004,624K (status normal)
 Free RAM:   660,385K (  166,213K cached pss +   426,580K cached kernel +    67,592K free)
      ION:   324,432K (  143,576K mapped +         0K unmapped +   180,856K pools)
 Used RAM: 1,344,919K (  969,307K used pss +   375,612K kernel)
 Lost RAM:    85,495K
     ZRAM:    36,244K physical used for   127,232K in swap (1,002,308K total swap)
   Tuning: 192 (large 512), oom   322,560K, restore limit   107,520K (high-end-gfx)
```

2024/6/18 14:20
```agsl
CPU usage from 407474ms to 104311ms ago (2024-06-18 14:15:22.935 to 2024-06-18 14:20:26.098):
  85% 24674/com.ancda.rtsppusher: 57% user + 28% kernel / faults: 1112194 minor
  35% 566/system_server: 19% user + 16% kernel / faults: 14435 minor
  21% 296/android.hardware.sensors@1.0-service: 8% user + 13% kernel
  9.9% 78/irq/106-mir3da: 0% user + 9.9% kernel
  3.5% 9/ksoftirqd/0: 0% user + 3.5% kernel
  2.5% 180/surfaceflinger: 1.4% user + 1% kernel / faults: 590 minor
  2.3% 153/rknn_server: 0.5% user + 1.7% kernel
  1.4% 146/logd: 0.7% user + 0.7% kernel / faults: 137 minor
  0.9% 228/android.hardware.graphics.composer@2.1-service: 0.4% user + 0.5% kernel / faults: 65 minor
  0.3% 244/netd: 0.1% user + 0.2% kernel / faults: 30 minor
  0.3% 1298/com.google.android.gms.persistent: 0.2% user + 0% kernel / faults: 2984 minor
  0.3% 49/cfinteractive: 0% user + 0.3% kernel
47% TOTAL: 21% user + 17% kernel + 0.2% iowait + 2.9% irq + 5.7% softirq
```

```agsl
Total PSS by process:
    535,118K: com.ancda.rtsppusher (pid 24674 / activities)
    134,973K: system (pid 566)
     65,909K: com.android.settings (pid 982)
     62,868K: com.android.systemui (pid 720)
     58,360K: com.google.android.gms (pid 1521)
     57,711K: com.android.vending (pid 2215)
     52,525K: com.google.android.gms.persistent (pid 1298)
     46,380K: com.android.launcher3 (pid 1117 / activities)
     29,354K: zygote (pid 246)
     28,771K: surfaceflinger (pid 180)
     22,533K: com.android.providers.media.module (pid 1365)
     18,037K: com.google.android.gms.unstable (pid 2675)
     17,049K: webview_zygote (pid 871)
     15,291K: com.android.permissioncontroller (pid 4874)
     15,229K: android.process.acore (pid 28414)
     14,486K: com.adw.bootapp (pid 1545)

Total RAM: 2,004,624K (status normal)
 Free RAM:   611,363K (  269,267K cached pss +   235,068K cached kernel +   107,028K free)
      ION:   165,712K (  144,124K mapped +         0K unmapped +    21,588K pools)
 Used RAM: 1,513,315K (1,175,691K used pss +   337,624K kernel)
 Lost RAM:    28,481K
     ZRAM:    59,552K physical used for   213,504K in swap (1,002,308K total swap)
   Tuning: 192 (large 512), oom   322,560K, restore limit   107,520K (high-end-gfx)
```

```agsl
400%cpu 148%user   3%nice 105%sys 113%idle   0%iow  13%irq  20%sirq   0%host
   PID USER         PR  NI VIRT  RES  SHR S[%CPU] %MEM     TIME+ ARGS
 24674 u0_a132      10 -10 2.7G 579M 138M S  160  29.5 372:52.59 com.ancda.rtsppusher
   566 system       18  -2  16G 343M 289M S 30.0  17.4 648:02.96 system_server
   296 system       20   0  10G 2.5M 2.3M R 22.5   0.1 117:45.50 android.hardware.sensors@1.0-service
 20783 shell        20   0  10G 3.9M 3.1M R 17.5   0.2   0:00.11 top -n 1
   337 shell        20   0  10G 5.4M 3.8M S 10.0   0.2  32:19.67 adbd --root_seclabel=u:r:su:s0
    78 root         RT   0    0    0    0 D 10.0   0.0 527:07.79 [irq/106-mir3da]
   146 logd         30  10  10G 8.4M 2.6M S  7.5   0.4  73:14.97 logd
   153 root         20   0  10G 2.1M 2.0M S  5.0   0.1 100:31.73 rknn_server
     9 root         20   0    0    0    0 S  5.0   0.0 143:26.70 [ksoftirqd/0]
 19269 root         20   0    0    0    0 I  2.5   0.0   0:01.79 [kworker/u8:3-adb]
 19171 shell        20   0  10G 2.5M 2.0M S  2.5   0.1   0:05.26 logcat -v long -v epoch
 19139 shell        20   0  10G 2.4M 1.9M S  2.5   0.1   0:04.93 logcat -v long -v epoch
```

2024/6/18 18:20
```agsl
400%cpu 162%user   0%nice  95%sys 105%idle   0%iow  13%irq  26%sirq   0%host
   PID USER         PR  NI VIRT  RES  SHR S[%CPU] %MEM     TIME+ ARGS
 24674 u0_a132      10 -10 2.7G 612M 130M S  146  31.2 638:10.39 com.ancda.rtsppusher
   566 system       18  -2  16G 341M 286M S 33.3  17.4 733:26.07 system_server
   296 system       20   0  10G 2.5M 2.3M S 28.2   0.1 172:13.58 android.hardware.sensors@1.0-service
 14224 shell        20   0  10G 4.1M 3.3M R 17.9   0.2   0:00.10 top -n 1
    78 root         RT   0    0    0    0 D 12.8   0.0 551:40.76 [irq/106-mir3da]
   337 shell        20   0  10G 5.4M 3.8M S  7.6   0.2  37:16.56 adbd --root_seclabel=u:r:su:s0
   153 root         20   0  10G 2.1M 2.0M S  5.1   0.1 106:15.12 rknn_server
     9 root         20   0    0    0    0 S  5.1   0.0 153:31.25 [ksoftirqd/0]
 13064 root         20   0    0    0    0 I  2.5   0.0   0:00.95 [kworker/u8:4-adb]
 12890 root         20   0    0    0    0 I  2.5   0.0   0:01.46 [kworker/u8:3-events_unbound]
 12565 root         20   0    0    0    0 I  2.5   0.0   0:02.32 [kworker/u8:0-events_unbound]
  7245 root         RT   0    0    0    0 S  2.5   0.0   0:02.21 [irq/78-dwc3]
   146 logd         30  10  10G 8.6M 2.6M S  2.5   0.4  79:50.63 logd
```

2024/6/18 19:20
```agsl
400%cpu 167%user   0%nice  98%sys  95%idle   5%iow  14%irq  21%sirq   0%host
   PID USER         PR  NI VIRT  RES  SHR S[%CPU] %MEM     TIME+ ARGS
 24674 u0_a132      10 -10 2.7G 628M 130M S  159  32.0 726:25.37 com.ancda.rtsppusher
   566 system       18  -2  16G 334M 286M S 42.8  17.0 755:43.26 system_server
   296 system       RT   0  10G 2.5M 2.3M S 26.1   0.1 186:51.97 android.hardware.sensors@1.0-service
  5987 shell        20   0  10G 4.2M 3.4M R 19.0   0.2   0:00.09 top -n 1
    78 root         RT   0    0    0    0 D 11.9   0.0 558:22.30 [irq/106-mir3da]
   337 shell        20   0  10G 5.4M 3.8M S  9.5   0.2  42:58.56 adbd --root_seclabel=u:r:su:s0
   146 logd         30  10  10G 8.2M 2.6M S  7.1   0.4  83:41.57 logd
 12865 shell        20   0  10G 2.3M 1.9M R  4.7   0.1   1:22.45 logcat -v long -v epoch
     9 root         20   0    0    0    0 S  4.7   0.0 156:12.45 [ksoftirqd/0]
  4681 root         20   0    0    0    0 I  2.3   0.0   0:01.88 [kworker/u8:2-adb]
 27629 root          0 -20    0    0    0 I  2.3   0.0   0:03.13 [kworker/2:1H-kblockd]
 24478 root         20   0    0    0    0 I  2.3   0.0   0:00.57 [kworker/2:1-mm_percpu_wq]
 17100 root         20   0    0    0    0 I  2.3   0.0   0:21.95 [kworker/u8:4-adb]
   153 root         20   0  10G 2.1M 2.0M S  2.3   0.1 107:45.63 rknn_server
```

2024/6/19 9:00
```agsl
400%cpu 166%user   0%nice 100%sys  88%idle   6%iow  13%irq  28%sirq   0%host
   PID USER         PR  NI VIRT  RES  SHR S[%CPU] %MEM     TIME+ ARGS
 24674 u0_a132      10 -10 2.8G 750M  98M S  156  38.2 674:32.88 com.ancda.rtsppusher
   566 system       18  -2  16G 302M 257M S 46.8  15.4 046:41.41 system_server
   296 system       RT   0  10G 2.5M 2.3M R 25.0   0.1 372:57.07 android.hardware.sensors@1.0-service
 23688 shell        20   0  10G 3.9M 3.1M R 21.8   0.2   0:00.08 top -n 1
    78 root         RT   0    0    0    0 D 12.5   0.0 641:20.03 [irq/106-mir3da]
     9 root         20   0    0    0    0 R  6.2   0.0 193:57.86 [ksoftirqd/0]
 17093 root         20   0    0    0    0 I  3.1   0.0   0:03.53 [kworker/u8:0-events_unbound]
 12706 root          0 -20    0    0    0 I  3.1   0.0   0:03.09 [kworker/3:2H-kblockd]
  8059 root          0 -20    0    0    0 I  3.1   0.0   0:01.02 [kworker/0:2H-mmc_complete]
   890 network_sta+ 20   0  13G  94M  72M S  3.1   4.8  16:37.74 com.android.networkstack.process
   337 shell        20   0  10G 4.9M 3.6M S  3.1   0.2  45:48.90 adbd --root_seclabel=u:r:su:s0
   148 system       20   0  10G 3.7M 3.0M S  3.1   0.1   2:53.22 servicemanager
    10 root         20   0    0    0    0 I  3.1   0.0   5:36.63 [rcu_preempt]
```

2024/6/19 10:00
```agsl
400%cpu 191%user   3%nice 106%sys  63%idle   0%iow  14%irq  23%sirq   0%host
   PID USER         PR  NI VIRT  RES  SHR S[%CPU] %MEM     TIME+ ARGS
 24674 u0_a132      10 -10 2.8G 750M  96M S  182  38.3 739:00.93 com.ancda.rtsppusher
   566 system       18  -2  16G 303M 254M S 31.4  15.4 064:56.77 system_server
   296 system       20   0  10G 2.5M 2.3M S 22.8   0.1 384:44.46 android.hardware.sensors@1.0-service
 11214 shell        20   0  10G 3.9M 3.1M R 20.0   0.2   0:00.09 top -n 1
    78 root         RT   0    0    0    0 D 11.4   0.0 646:44.49 [irq/106-mir3da]
   337 shell        20   0  10G 4.9M 3.6M S  8.5   0.2  48:40.27 adbd --root_seclabel=u:r:su:s0
   146 logd         30  10  10G 8.4M 2.6M S  8.5   0.4 102:57.59 logd
 18202 shell        20   0  10G 2.3M 1.9M S  5.7   0.1   1:22.49 logcat -v long -v epoch
  4126 root         20   0    0    0    0 I  2.8   0.0   0:06.45 [kworker/u8:0-adb]
  7245 root         RT   0    0    0    0 S  2.8   0.0   1:48.93 [irq/78-dwc3]
   153 root         20   0  10G 2.1M 2.0M S  2.8   0.1 128:43.98 rknn_server
     9 root         20   0    0    0    0 S  2.8   0.0 196:19.08 [ksoftirqd/0]
     1 root         20   0  10G 4.4M 3.4M S  2.8   0.2  14:29.63 init second_stage
```

2024/6/19 15:30
```agsl
400%cpu  47%user   0%nice  62%sys 262%idle   0%iow   9%irq  21%sirq   0%host
   PID USER         PR  NI VIRT  RES  SHR S[%CPU] %MEM     TIME+ ARGS
 24674 u0_a132      10 -10 2.7G 686M  82M S 47.0  35.0 102:31.03 com.ancda.rtsppusher
   566 system       18  -2  16G 297M 251M S 26.4  15.1 178:07.79 system_server
  1009 shell        20   0  10G 4.1M 3.3M R 17.6   0.2   0:00.07 top -n 1
   296 system       RT   0  10G 2.5M 2.3M S 17.6   0.1 457:32.77 android.hardware.sensors@1.0-service
    78 root         RT   0    0    0    0 D  8.8   0.0 676:40.71 [irq/106-mir3da]
   337 shell        20   0  10G 5.0M 3.6M S  5.8   0.2  59:42.61 adbd --root_seclabel=u:r:su:s0
   153 root         20   0  10G 2.1M 2.0M S  2.9   0.1 136:20.88 rknn_server
     9 root         20   0    0    0    0 S  2.9   0.0 209:56.54 [ksoftirqd/0]
  1003 root          0 -20    0    0    0 I  0.0   0.0   0:00.00 [kworker/3:0H]
   993 shell        20   0  10G 2.4M 1.9M S  0.0   0.1   0:00.01 sh
```

2024/6/19 17:39 app异常退出

2024/6/19 19:00 重新推
```agsl
400%cpu 226%user  13%nice 184%sys  71%idle   0%iow  21%irq  26%sirq   0%host
   PID USER         PR  NI VIRT  RES  SHR S[%CPU] %MEM     TIME+ ARGS
  1933 u0_a132      10 -10 2.4G 291M 134M S  189  14.8   9:26.64 com.ancda.rtsppusher
   536 system       18  -2  16G 372M 305M S 44.7  19.0   2:39.74 system_server
   177 system       -3  -8  11G  46M  35M R 34.2   2.3   1:38.35 surfaceflinger
   279 system       RT   0  10G 3.7M 3.5M S 23.6   0.1   1:15.93 android.hardware.sensors@1.0-service
  5800 shell        20   0  10G 3.9M 3.2M R 18.4   0.2   0:00.10 top -n 1
   338 shell        20   0  10G 6.3M 4.6M D 18.4   0.3   0:29.56 adbd --root_seclabel=u:r:su:s0
   142 logd         30  10  10G 6.1M 2.6M S 18.4   0.3   0:18.30 logd
   226 system       -3  -3  11G 9.0M 8.0M S 15.7   0.4   0:36.32 android.hardware.graphics.composer@2.+
    78 root         RT   0    0    0    0 R 15.7   0.0   0:41.82 [irq/106-mir3da]
   453 shell        20   0  10G 2.3M 1.8M S  7.8   0.1   0:06.92 logcat -v long -v epoch
  1277 u0_a74       20   0  14G 201M 147M S  5.2  10.2   0:50.95 com.google.android.gms.persistent
   450 shell        20   0  10G 2.3M 1.8M S  5.2   0.1   0:06.74 logcat -v long -v epoch
```

2024/6/20 9:50
```agsl
400%cpu 174%user   8%nice 154%sys  21%idle   0%iow  18%irq  26%sirq   0%host
   PID USER         PR  NI VIRT  RES  SHR S[%CPU] %MEM     TIME+ ARGS
  1933 u0_a132      10 -10 2.7G 455M  80M S  141  23.2 730:53.14 com.ancda.rtsppusher
  1495 u0_a74       20   0  14G 133M  94M S 30.7   6.7   1:15.83 com.google.android.gms
   536 system       18  -2  16G 266M 226M S 30.7  13.5 264:58.02 system_server
   279 system       20   0  10G 2.4M 2.3M R 20.5   0.1 183:38.83 android.hardware.sensors@1.0-service
   177 system       -3  -8  11G  16M  11M S 20.5   0.8 222:12.06 surfaceflinger
 21072 shell        20   0  10G 3.9M 3.2M R 17.9   0.2   0:00.10 top -n 1
   338 shell        20   0  11G 4.7M 3.6M R 12.8   0.2   8:04.02 adbd --root_seclabel=u:r:su:s0
   142 logd         30  10  10G 7.0M 2.5M S 12.8   0.3  23:23.09 logd
    78 root         RT   0    0    0    0 D 10.2   0.0  99:27.08 [irq/106-mir3da]
 32477 shell        20   0  10G 2.2M 1.7M S  7.6   0.1   1:13.56 logcat -v long -v epoch
   226 system       -3  -3  11G 4.5M 3.9M S  7.6   0.2  88:35.06 android.hardware.graphics.composer@2.+
     9 root         20   0    0    0    0 R  7.6   0.0  72:22.12 [ksoftirqd/0]
 32468 shell        20   0  10G 2.3M 1.8M S  5.1   0.1   1:10.66 logcat -v long -v epoch
```

2024/6/20 14:00
```agsl
400%cpu 198%user   0%nice 115%sys  48%idle   0%iow  17%irq  22%sirq   0%host
   PID USER         PR  NI VIRT  RES  SHR S[%CPU] %MEM     TIME+ ARGS
  1933 u0_a132      10 -10 2.7G 584M  74M S  182  29.8 255:03.71 com.ancda.rtsppusher
   536 system       18  -2  16G 265M 223M S 26.0  13.5 343:05.87 system_server
 23666 shell        20   0  10G 4.0M 3.2M R 17.3   0.2   0:00.12 top -n 1
   177 system       -3  -8  11G  15M  10M S 17.3   0.7 282:46.16 surfaceflinger
   279 system       20   0  10G 2.4M 2.2M R 15.2   0.1 238:46.38 android.hardware.sensors@1.0-service
    78 root         RT   0    0    0    0 D 10.8   0.0 128:48.64 [irq/106-mir3da]
     9 root         20   0    0    0    0 S  8.6   0.0  95:16.66 [ksoftirqd/0]
   226 system       -3  -3  11G 4.4M 3.8M S  6.5   0.2 112:54.56 android.hardware.graphics.composer@2.+
   338 shell        20   0  11G 4.9M 3.4M S  4.3   0.2  16:19.79 adbd --root_seclabel=u:r:su:s0
   142 logd         30  10  10G 7.2M 2.3M S  4.3   0.3  32:59.35 logd
 23253 shell        20   0  10G 2.2M 1.8M S  2.1   0.1   0:01.24 logcat -v long -v epoch
 21646 root          0 -20    0    0    0 I  2.1   0.0   0:01.65 [kworker/u9:1-mali_jd]
```

2024/6/20 17:30
```agsl
400%cpu 144%user   0%nice  91%sys 124%idle   6%iow  15%irq  21%sirq   0%host
   PID USER         PR  NI VIRT  RES  SHR S[%CPU] %MEM     TIME+ ARGS
  1933 u0_a132      10 -10 2.5G 541M  74M S  105  27.6 537:25.54 com.ancda.rtsppusher
   536 system       18  -2  16G 267M 221M S 41.1  13.6 409:06.09 system_server
   177 system       -3  -8  11G  15M  10M S 35.2   0.7 342:09.87 surfaceflinger
   279 system       20   0  10G 2.4M 2.2M S 23.5   0.1 281:03.69 android.hardware.sensors@1.0-service
 10280 shell        20   0  10G 3.9M 3.1M R 17.6   0.2   0:00.09 top -n 1
   226 system       -3  -3  11G 4.3M 3.7M S 14.7   0.2 136:06.12 android.hardware.graphics.composer@2.+
    78 root         RT   0    0    0    0 D 11.7   0.0 150:03.93 [irq/106-mir3da]
  9294 root          0 -20    0    0    0 I  2.9   0.0   0:01.08 [kworker/u9:4-kbase_pm_poweroff_wait]
  5731 root          0 -20    0    0    0 I  2.9   0.0   0:00.57 [kworker/0:1H-mmc_complete]
 27245 root          0 -20    0    0    0 D  2.9   0.0   0:02.61 [kworker/1:2H+kblockd]
   338 shell        20   0  11G 4.9M 3.2M S  2.9   0.2  30:01.06 adbd --root_seclabel=u:r:su:s0
   145 system       20   0  10G 3.3M 3.0M S  2.9   0.1   4:24.12 hwservicemanager
     9 root         20   0    0    0    0 S  2.9   0.0 104:33.86 [ksoftirqd/0]
```

2024/6/27 15:30 重新推
```agsl
400%cpu  35%user   0%nice  61%sys 277%idle   0%iow   6%irq  19%sirq   0%host
   PID USER         PR  NI VIRT  RES  SHR S[%CPU] %MEM     TIME+ ARGS
  1818 u0_a132      10 -10 2.6G 276M 128M S 35.4  14.1   6:10.57 com.ancda.rtsppusher
   480 system       18  -2  16G 379M 307M S 29.0  19.3   5:14.08 system_server
   282 system       RT   0  10G 4.6M 3.9M S 19.3   0.2   2:45.35 android.hardware.sensors@1.0-service
  4458 shell        20   0  10G 4.0M 3.2M R 16.1   0.2   0:00.08 top -n 1
    78 root         RT   0    0    0    0 D  9.6   0.0   1:21.07 [irq/106-mir3da]
   148 system       20   0  10G 5.7M 4.8M S  3.2   0.2   0:02.32 hwservicemanager
     1 root         20   0  10G 7.9M 6.1M S  3.2   0.4   0:05.15 init second_stage
  4448 shell        20   0  10G 2.9M 2.3M S  0.0   0.1   0:00.01 sh
  3810 root         20   0    0    0    0 I  0.0   0.0   0:00.02 [kworker/2:0-events]
  2880 u0_a74       20   0  13G 149M 109M S  0.0   7.6   0:00.75 com.google.android.gms.ui
  2845 u0_a131      20   0 1.2G 104M  73M S  0.0   5.2   0:00.31 com.android.chrome
```

2024/6/27 16:08 app异常退出

2024/6/28 9:30
```agsl
400%cpu  37%user   0%nice  53%sys 287%idle   0%iow  10%irq  13%sirq   0%host
   PID USER         PR  NI VIRT  RES  SHR S[%CPU] %MEM     TIME+ ARGS
   563 system       18  -2  16G 395M 323M S 33.3  20.1 391:15.75 system_server
 11779 u0_a132      10 -10 2.0G 346M 123M S 26.6  17.6 288:14.49 com.ancda.rtsppusher
   287 system       20   0  10G 4.2M 3.5M S 23.3   0.2 233:01.11 android.hardware.sensors@1.0-service
  9172 shell        20   0  10G 4.0M 3.2M R 16.6   0.2   0:00.07 top -n 1
    78 root         RT   0    0    0    0 D 10.0   0.0 117:38.79 [irq/106-mir3da]
  7796 root         20   0    0    0    0 I  3.3   0.0   0:03.02 [kworker/u8:1-adb]
   151 root         20   0  10G 2.4M 2.4M S  3.3   0.1  24:23.48 rknn_server
   143 logd         30  10  10G 7.6M 2.7M S  3.3   0.3   5:55.24 logd
  9166 shell        20   0  10G 2.9M 2.2M S  0.0   0.1   0:00.01 sh
  9135 root          0 -20    0    0    0 I  0.0   0.0   0:00.00 [kworker/1:1H]
```

2024/6/28 21:00 重新推
```agsl
400%cpu  43%user   0%nice  77%sys 260%idle   0%iow  10%irq  10%sirq   0%host
   PID USER         PR  NI VIRT  RES  SHR S[%CPU] %MEM     TIME+ ARGS
 21597 u0_a132      10 -10 2.1G 281M 128M S 36.6  14.3   0:56.91 com.ancda.rtsppusher
   563 system       18  -2  16G 390M 315M S 33.3  19.9 655:06.37 system_server
   287 system       20   0  10G 2.9M 2.8M S 16.6   0.1 393:09.20 android.hardware.sensors@1.0-service
 21887 shell        20   0  10G 4.1M 3.3M R 13.3   0.2   0:00.07 top -n 1
    78 root         RT   0    0    0    0 D 10.0   0.0 198:20.54 [irq/106-mir3da]
 18776 shell        20   0  10G 2.3M 1.8M S  3.3   0.1   0:02.60 logcat -v long -v epoch
   151 root         20   0  10G 2.0M 2.0M S  3.3   0.1  40:58.37 rknn_server
   143 logd         30  10  10G 7.7M 2.6M S  3.3   0.3   8:41.54 logd
     9 root         20   0    0    0    0 S  3.3   0.0  34:12.98 [ksoftirqd/0]
 21882 shell        20   0  10G 3.0M 2.4M S  0.0   0.1   0:00.01 sh
```

2024/6/29 10:00
```agsl
400%cpu  33%user   0%nice  63%sys 280%idle   0%iow  10%irq  13%sirq   0%host
   PID USER         PR  NI VIRT  RES  SHR S[%CPU] %MEM     TIME+ ARGS
   563 system       18  -2  16G 380M 311M S 30.0  19.3 955:46.30 system_server
 21597 u0_a132      10 -10 2.2G 403M 152M S 23.3  20.5 257:12.42 com.ancda.rtsppusher
   287 system       20   0  10G 2.9M 2.8M S 23.3   0.1 574:47.60 android.hardware.sensors@1.0-service
 23211 shell        20   0  10G 4.0M 3.3M R 16.6   0.2   0:00.07 top -n 1
    78 root         RT   0    0    0    0 D 10.0   0.0 286:47.63 [irq/106-mir3da]
    22 root         RT   0    0    0    0 S  3.3   0.0   0:00.62 [migration/2]
 23206 shell        20   0  10G 2.8M 2.2M S  0.0   0.1   0:00.01 sh
 23089 root         20   0    0    0    0 I  0.0   0.0   0:00.23 [kworker/u8:2-adb]
 23044 shell        20   0  10G 2.3M 1.8M S  0.0   0.1   0:00.54 logcat -v long -v epoch
 23023 shell        20   0  10G 2.3M 1.8M S  0.0   0.1   0:00.56 logcat -v long -v epoch
```

2024/6/29 11:20
```agsl
400%cpu  23%user   0%nice  67%sys 287%idle   0%iow  10%irq  13%sirq   0%host
   PID USER         PR  NI VIRT  RES  SHR S[%CPU] %MEM     TIME+ ARGS
   563 system       18  -2  16G 383M 311M S 33.3  19.5 987:23.43 system_server
 21597 u0_a132      10 -10 2.2G 403M 146M S 26.6  20.6 285:19.11 com.ancda.rtsppusher
   287 system       RT   0  10G 2.9M 2.8M S 23.3   0.1 594:13.05 android.hardware.sensors@1.0-service
 30323 shell        20   0  10G 3.8M 3.1M R 13.3   0.1   0:00.07 top -n 1
    78 root         RT   0    0    0    0 D 13.3   0.0 296:28.66 [irq/106-mir3da]
   335 shell        20   0  10G 5.6M 4.2M S  3.3   0.2   7:16.63 adbd --root_seclabel=u:r:su:s0
   151 root         20   0  10G 2.0M 2.0M S  3.3   0.1  62:15.78 rknn_server
   143 logd         30  10  10G 7.4M 2.6M S  3.3   0.3  13:18.05 logd
     9 root         20   0    0    0    0 S  3.3   0.0  51:20.26 [ksoftirqd/0]
```








`-----------------------------------------------------------------------------------`


2024/7/4 14:35 重新推16路流
```agsl
  Mem:  2004624K total,  1949348K used,  56602624 free,    995328 buffers
 Swap:  1002308K total,   186880K used,   815428K free,   764500K cached
400%cpu  42%user   0%nice  90%sys 242%idle   0%iow  10%irq  16%sirq   0%host
   PID USER         PR  NI VIRT  RES  SHR S[%CPU] %MEM     TIME+ ARGS
 26138 u0_a132      10 -10 2.0G 274M 139M S 35.4  14.0   5:27.75 com.ancda.rtsppusher
   563 system       18  -2  16G 337M 285M S 32.2  17.2 200:39.01 system_server
 26873 shell        20   0  10G 4.0M 3.2M R 19.3   0.2   0:00.07 top -n 1
   287 system       20   0  10G 2.5M 2.4M R 19.3   0.1 762:18.71 android.hardware.sensors@1.0-ser+
    78 root         RT   0    0    0    0 D  9.6   0.0 336:22.61 [irq/106-mir3da]
   151 root         20   0  10G 2.0M 2.0M S  3.2   0.1 235:06.53 rknn_server
 26868 shell        20   0  10G 2.8M 2.2M S  0.0   0.1   0:00.03 sh
 26086 u0_a66       20   0  13G 102M  77M S  0.0   5.1   0:00.96 android.process.acore
```

2024/7/5 9:20
```agsl
Mem:  2004624K total,  1806984K used,   197640K free,    335872 buffers
Swap:  1002308K total,   215552K used,   786756K free,   563752K cached
400%cpu  37%user   0%nice  63%sys 273%idle   0%iow  10%irq  17%sirq   0%host
PID USER         PR  NI VIRT  RES  SHR S[%CPU] %MEM     TIME+ ARGS
26138 u0_a132      10 -10 2.1G 475M 141M S 36.6  24.2 673:27.35 com.ancda.rtsppusher
563 system       18  -2  16G 341M 281M S 33.3  17.4 586:39.91 system_server
287 system       RT   0  10G 2.5M 2.4M S 23.3   0.1 996:58.87 android.hardware.sensors@1.0-ser+
4061 shell        20   0  10G 4.1M 3.3M R 16.6   0.2   0:00.06 top -n 1
78 root         RT   0    0    0    0 D 10.0   0.0 450:34.95 [irq/106-mir3da]
3162 shell        20   0  10G 2.3M 1.8M S  3.3   0.1   0:05.21 logcat -v long -v epoch
9 root         20   0    0    0    0 S  3.3   0.0 120:14.89 [ksoftirqd/0]
4056 shell        20   0  10G 2.8M 2.2M S  0.0   0.1   0:00.01 sh
3192 shell        20   0  10G 2.0M 1.6M S  0.0   0.1   0:02.33 process-tracker --interval 1000
```

2024/7/5 11:30
```agsl
  Mem:  2004624K total,  1860076K used,   144548K free,    335872 buffers
 Swap:  1002308K total,   215552K used,   786756K free,   563796K cached
400%cpu 116%user  13%nice 156%sys  78%idle   0%iow  16%irq  22%sirq   0%host
   PID USER         PR  NI VIRT  RES  SHR S[%CPU] %MEM     TIME+ ARGS
 26138 u0_a132      10 -10 2.1G 502M 142M S  137  25.6 752:50.28 com.ancda.rtsppusher
   563 system       18  -2  16G 332M 281M S 31.2  16.9 631:14.51 system_server
   178 system       -3  -8  11G  24M  16M R 28.1   1.2 113:21.07 surfaceflinger
   287 system       20   0  10G 2.5M 2.4M R 21.8   0.1 024:52.95 android.hardware.sensors@1.0-ser+
 12944 shell        20   0  10G 4.2M 3.4M R 18.7   0.2   0:00.07 top -n 1
   243 root         20   0  11G 7.3M 6.2M S 12.5   0.3  46:34.31 netd
   231 system       -3  -3  11G 5.0M 4.4M S 12.5   0.2  45:16.07 android.hardware.graphics.compos+
   335 shell        20   0  10G 5.8M 4.0M S  9.3   0.2  53:32.88 adbd --root_seclabel=u:r:su:s0
  3162 shell        20   0  10G 2.3M 1.8M S  3.1   0.1   0:57.73 logcat -v long -v epoch
```

2024/7/5 15:00
```agsl
  Mem:  2004624K total,  1889580K used,   115044K free,    335872 buffers
 Swap:  1002308K total,   216320K used,   785988K free,   552056K cached
400%cpu  39%user   0%nice  55%sys 284%idle   0%iow  10%irq  13%sirq   0%host
   PID USER         PR  NI VIRT  RES  SHR S[%CPU] %MEM     TIME+ ARGS
 26138 u0_a132      10 -10 2.1G 541M 141M S 35.4  27.6 879:58.23 com.ancda.rtsppusher
   563 system       18  -2  16G 334M 281M S 29.0  17.0 703:58.07 system_server
 27110 shell        20   0  10G 4.0M 3.2M R 19.3   0.2   0:00.07 top -n 1
   287 system       RT   0  10G 2.5M 2.4M S 19.3   0.1 069:21.21 android.hardware.sensors@1.0-ser+
    78 root         RT   0    0    0    0 D  6.4   0.0 486:36.98 [irq/106-mir3da]
   335 shell        20   0  10G 5.8M 4.0M S  3.2   0.2  61:36.89 adbd --root_seclabel=u:r:su:s0
   143 logd         30  10  10G 8.2M 2.6M S  3.2   0.4  57:33.97 logd
 27102 shell        20   0  10G 2.8M 2.2M S  0.0   0.1   0:00.02 sh
 26562 u0_a127      20   0  13G 100M  77M S  0.0   5.0   0:00.31 com.android.permissioncontroller
```

2024/7/5 17:30
```agsl
  Mem:  2004624K total,  1909388K used,  97521664 free,    335872 buffers
 Swap:  1002308K total,   216320K used,   785988K free,   552652K cached
400%cpu  47%user   0%nice  63%sys 266%idle   0%iow   9%irq  16%sirq   0%host
   PID USER         PR  NI VIRT  RES  SHR S[%CPU] %MEM     TIME+ ARGS
 26138 u0_a132      10 -10 2.1G 561M 141M S 34.3  28.6 964:27.45 com.ancda.rtsppusher
   563 system       18  -2  16G 332M 281M S 31.2  16.9 751:55.06 system_server
  4892 shell        20   0  10G 3.9M 3.1M R 21.8   0.2   0:00.06 top -n 1
   287 system       RT   0  10G 2.5M 2.4M S 15.6   0.1 098:31.08 android.hardware.sensors@1.0-ser+
    78 root         RT   0    0    0    0 D  6.2   0.0 501:15.49 [irq/106-mir3da]
   335 shell        20   0  10G 5.8M 4.0M S  3.1   0.2  68:05.82 adbd --root_seclabel=u:r:su:s0
   178 system       -3  -8  11G  24M  16M S  3.1   1.2 133:31.54 surfaceflinger
   151 root         20   0  10G 2.0M 2.0M S  3.1   0.1 272:24.29 rknn_server
   143 logd         30  10  10G 8.2M 2.6M S  3.1   0.4  60:37.18 logd
```

2024/7/5 18:15 主动断开，重新推
```agsl
  Mem:  2004624K total,  1822412K used,   182212K free,    290816 buffers
 Swap:  1002308K total,   218112K used,   784196K free,   706144K cached
400%cpu  48%user   0%nice  58%sys 265%idle   0%iow  10%irq  19%sirq   0%host
   PID USER         PR  NI VIRT  RES  SHR S[%CPU] %MEM     TIME+ ARGS
  8281 u0_a132      10 -10 2.1G 284M 138M S 35.4  14.5   2:19.13 com.ancda.rtsppusher
   563 system       18  -2  16G 337M 282M S 29.0  17.2 768:42.60 system_server
   287 system       20   0  10G 2.5M 2.4M S 19.3   0.1 108:33.66 android.hardware.sensors@1.0-ser+
  8668 shell        20   0  10G 4.0M 3.2M R 16.1   0.2   0:00.07 top -n 1
   151 root         20   0  10G 2.0M 2.0M S  3.2   0.1 273:30.15 rknn_server
   143 logd         30  10  10G 8.1M 2.6M S  3.2   0.4  61:38.56 logd
  8058 u0_a127      20   0  13G  92M  71M S  0.0   4.6   0:00.40 com.android.permissioncontroller
  8032 system       20   0  13G  88M  67M S  0.0   4.4   0:00.17 com.android.keychain
  7996 shell        20   0  10G 3.6M 2.9M S  0.0   0.1   0:00.72 installer -version 0b0c1899 -dae+
  7994 shell        20   0  10G 2.3M 1.9M S  0.0   0.1   0:00.02 sh -c /data/local/tmp/.studio/bi+
```